../Core/Src/main.c:74:6:HAL_GPIO_EXTI_Callback	32	static
../Core/Src/main.c:174:6:heartbeat	8	static
../Core/Src/main.c:182:6:turn_signal_led_left	8	static
../Core/Src/main.c:199:6:turn_signal_led_right	8	static
../Core/Src/main.c:213:6:stationary	8	static
../Core/Src/main.c:233:5:main	8	static
../Core/Src/main.c:285:6:SystemClock_Config	96	static
../Core/Src/main.c:330:13:MX_USART2_UART_Init	8	static
../Core/Src/main.c:365:13:MX_GPIO_Init	40	static
../Core/Src/main.c:429:6:Error_Handler	4	static,ignoring_inline_asm
